86
-1 unused
0 Sim\VehDef\f16.veh
0 Sim\VehDef\b52.veh
1 Sim\VehDef\tank.veh
2 Sim\VehDef\helo.veh
1 Sim\VehDef\truck.veh
3 Sim\VehDef\missile.veh
3 Sim\VehDef\Rcktxxx.veh
3 Sim\VehDef\bomb.veh
4 Sim\VehDef\ship.veh
4 Sim\VehDef\sub.veh
4 Sim\VehDef\torpedo.veh
4 Sim\VehDef\dpthchrg,veh
1 Sim\VehDef\foot.veh
3 Sim\VehDef\20mm.veh
3 Sim\VehDef\AGM45.veh
3 Sim\VehDef\AGM65a.veh
3 Sim\VehDef\AGM65b.veh
3 Sim\VehDef\AGM65d.veh
3 Sim\VehDef\AGM65g.veh
3 Sim\VehDef\AGM88.veh
3 Sim\VehDef\aim9p.veh
3 Sim\VehDef\aim120.veh
3 Sim\VehDef\ALQ131.veh
3 Sim\VehDef\GBU24.veh
3 Sim\VehDef\Mk82.veh
3 Sim\VehDef\Mk84.veh
3 Sim\VehDef\Sam.veh
3 Sim\VehDef\Tank300.veh
3 Sim\VehDef\Tank370.veh
3 Sim\VehDef\Tank600.veh
3 Sim\VehDef\AGMxxx.veh
3 Sim\VehDef\aimxxx.veh
3 Sim\VehDef\ALQxxx.veh
3 Sim\VehDef\GBUxxx.veh
3 Sim\VehDef\GunXXX.veh
3 Sim\VehDef\Mkxxx.veh
3 Sim\VehDef\Tankxxx.veh
0 Sim\vehdef\f16.veh
0 sim\vehdef\tu16.veh
0 sim\vehdef\an2.veh
0 sim\vehdef\kc10.veh
0 sim\vehdef\mig29.veh
0 sim\vehdef\mig19.veh
0 sim\vehdef\su27.veh
2 sim\vehdef\ah64.veh
3 sim\VehDef\aim7.veh
3 sim\VehDef\gb10.veh
3 sim\VehDef\gb15.veh
3 sim\VehDef\gb28.veh
3 sim\VehDef\gb12.veh
3 Sim\VehDef\aim9m.veh
3 Sim\VehDef\camera.veh
0 sim\vehdef\mig21.veh
0 sim\vehdef\f14.veh
0 sim\vehdef\f15.veh
0 sim\vehdef\f18.veh
0 sim\vehdef\f4.veh
0 sim\vehdef\f5.veh
0 sim\vehdef\su25.veh
0 sim\vehdef\mig23.veh
0 sim\vehdef\mig25.veh
0 sim\vehdef\mig27.veh
0 sim\vehdef\mig31.veh
0 sim\vehdef\a10.veh
0 sim\vehdef\c130.veh
0 sim\vehdef\f111.veh
3 Sim\VehDef\AGM84.veh
3 Sim\VehDef\aim54.veh
3 Sim\VehDef\aa7.veh
3 Sim\VehDef\aa7r.veh
3 Sim\VehDef\aa9.veh
3 Sim\VehDef\aa10.veh
3 Sim\VehDef\aa10c.veh
3 Sim\VehDef\aa11.veh
3 Sim\VehDef\sa2.veh
3 Sim\VehDef\sa3.veh
3 Sim\VehDef\sa4.veh
3 Sim\VehDef\sa5.veh
3 Sim\VehDef\sa6.veh
3 Sim\VehDef\sa7.veh
3 Sim\VehDef\sa8.veh
3 Sim\VehDef\sa9.veh
3 Sim\VehDef\sa13.veh
3 Sim\VehDef\sa14.veh
3 Sim\VehDef\sa15.veh
3 Sim\VehDef\chaparral.veh
3 Sim\VehDef\patriot.veh
3 Sim\VehDef\stinger.veh
3 Sim\VehDef\hawk.veh
3 Sim\VehDef\nike.veh
3 Sim\VehDef\adats.veh
